
MESSAGE(STATUS "LOAD INITIAL CACHE")


SET(CMAKE_VERBOSE_MAKEFILE TRUE CACHE BOOL "xxx" FORCE)

SET(OSG_SUPPORT_ROOT "/home/vossg/Projects/OpenSG/ToolBox/OpenSGDevMaster_Toolbox.Support.install" CACHE PATH "")

SET(OSG_USE_OSGSUPPORT_LIBS ON CACHE BOOL "")

SET(OSG_USE_STATIC_SUPPORT_LIBS OFF CACHE BOOL "")

SET(CMAKE_BUILD_TYPE Debug CACHE STRING "xxx" FORCE)

SET(CMAKE_INSTALL_PREFIX /home/vossg/Projects/OpenSG/ToolBox/OpenSGDevMaster_Toolbox.install CACHE PATH "" FORCE)


SET(COLLADA_DAE_INCLUDE_DIR /home/vossg/Projects/Collada/collada-dom/dom/include CACHE PATH "")

SET(COLLADA_DOM_INCLUDE_DIR /home/vossg/Projects/Collada/collada-dom/dom/include/1.4 CACHE PATH "")

SET(COLLADA_LIBRARY_DEBUG /home/vossg/Projects/Collada/collada-dom/dom/build/linux-1.4-d/libcollada14dom-d.so CACHE FILEPATH "")

SET(COLLADA_LIBRARY_RELEASE /home/vossg/Projects/Collada/collada-dom/dom/build/linux-1.4/libcollada14dom.so CACHE FILEPATH "")


SET(OSGBUILD_EXAMPLES_SIMPLE ON CACHE BOOL "")

SET(OSG_ENABLE_DEFAULT_READONLY_CHANGELIST ON CACHE BOOL "")

SET(OSG_ENABLE_FCD2CODE ON CACHE BOOL "")

SET(OSG_ENABLE_PAR_PARTITION_DRAWING ON CACHE BOOL "")

SET(OSG_ENABLE_SCANPARSE_REGEN ON CACHE BOOL "")

SET(OSG_ENABLE_TESTCONTAINER ON CACHE BOOL "")

SET(CUDA_NVCC_FLAGS "--compiler-options;-fno-strict-aliasing;--compiler-options;-fno-inline" CACHE STRING "")

SET(CUDA_VERBOSE_BUILD ON CACHE BOOL "")

SET(OSG_CORE_EXTENSIONS /home/vossg/Projects/OpenSG/ToolBox/Toolbox/Source CACHE PATH "")

SET(OSGCOMPAT_ENABLE TRUE CACHE BOOL "")
SET(OSGCOMPAT_ENABLE_DEPRECATED TRUE CACHE BOOL "")
SET(OSGCOMPAT_ENABLE_DEPRECATED_PROPS TRUE CACHE BOOL "")

SET(GV_ALL_MODULES TRUE)

IF(GV_ALL_MODULES)
  SET(OSG_CORE_EXAMPLE_EXTENSIONS /home/vossg/Projects/OpenSG/ToolBox/Toolbox/Examples CACHE PATH "")

  SET(OSG_EXTRA_EXTERNAL_MODULES OSGTBAnimation;OSGTBFileIO;OSGTBState CACHE STRING "")


  SET(OSG_OSGTBAnimation_SOURCE_DIR /home/vossg/Projects/OpenSG/ToolBox/Toolbox/Source/System/Dynamics CACHE PATH "")

  SET(OSG_OSGTBFileIO_SOURCE_DIR /home/vossg/Projects/OpenSG/ToolBox/Toolbox/Source/System/FileIO CACHE PATH "")

  SET(OSG_OSGTBState_SOURCE_DIR /home/vossg/Projects/OpenSG/ToolBox/Toolbox/Source/System/State CACHE PATH "")


  SET(OSGBUILD_OSGTBAnimation ON CACHE BOOL "")
  SET(OSGBUILD_OSGTBFileIO ON CACHE BOOL "")
  SET(OSGBUILD_OSGTBState ON CACHE BOOL "")


  SET(OSGBUILD_EXAMPLES_ANIMATION ON CACHE BOOL "")
  SET(OSGBUILD_EXAMPLES_NATIVE ON CACHE BOOL "")


  SET(CG_TOOLKIT_INCLUDE_DIR /home/vossg/Projects/NVidia/Cg/usr/include CACHE PATH "")
  SET(CG_TOOLKIT_LIBRARY_DEBUG /home/vossg/Projects/NVidia/Cg/usr/lib64/libCg.so CACHE FILEPATH "")
  SET(CG_TOOLKIT_LIBRARY_RELEASE /home/vossg/Projects/NVidia/Cg/usr/lib64/libCg.so CACHE FILEPATH "")

ENDIF(GV_ALL_MODULES)

SET(OSG_IGNORE_INSTALL ${OSG_EXTRA_EXTERNAL_MODULES} CACHE STRING "")

